Processing g:\advance_tool_mining\traceopt\iterations\iter_012\evidence\dist\traceopt-0.1.0-py3-none-any.whl (from traceopt==0.1.0)
Collecting pytest<9,>=8 (from traceopt==0.1.0->traceopt==0.1.0)
  Using cached pytest-8.4.2-py3-none-any.whl.metadata (7.7 kB)
Collecting ruff<1,>=0.11 (from traceopt==0.1.0->traceopt==0.1.0)
  Using cached ruff-0.16.8-py3-none-win_amd64.whl.metadata (21 kB)
Collecting colorama>=0.4 (from pytest<9,>=8->traceopt==0.1.0->traceopt==0.1.0)
  Using cached colorama-0.4.6-py2.py3-none-any.whl.metadata (17 kB)
Collecting iniconfig>=1 (from pytest<9,>=8->traceopt==0.1.0->traceopt==0.1.0)
  Using cached iniconfig-2.3.0-py3-none-any.whl.metadata (2.5 kB)
Collecting packaging>=20 (from pytest<9,>=8->traceopt==0.1.0->traceopt==0.1.0)
  Using cached packaging-26.3-py3-none-any.whl.metadata (3.5 kB)
Collecting pluggy<2,>=1.5 (from pytest<9,>=8->traceopt==0.1.0->traceopt==0.1.0)
  Using cached pluggy-1.6.0-py3-none-any.whl.metadata (4.8 kB)
Collecting pygments>=2.7.2 (from pytest<9,>=8->traceopt==0.1.0->traceopt==0.1.0)
  Using cached pygments-2.21.0-py3-none-any.whl.metadata (2.5 kB)
Using cached pytest-8.4.2-py3-none-any.whl (365 kB)
Using cached pluggy-1.6.0-py3-none-any.whl (20 kB)
Using cached ruff-0.16.8-py3-none-win_amd64.whl (10.6 MB)
Using cached colorama-0.4.6-py2.py3-none-any.whl (25 kB)
Using cached iniconfig-2.3.0-py3-none-any.whl (7.5 kB)
Using cached packaging-26.3-py3-none-any.whl (129 kB)
Using cached pygments-2.21.0-py3-none-any.whl (1.3 MB)
Installing collected packages: traceopt, ruff, pygments, pluggy, packaging, iniconfig, colorama, pytest

Successfully installed colorama-0.4.6 iniconfig-2.3.0 packaging-26.3 pluggy-1.6.0 pygments-2.21.0 pytest-8.4.2 ruff-0.16.8 traceopt-0.1.0

[notice] A new release of pip is available: 25.1.1 -> 26.2.1
[notice] To update, run: G:\Advance_tool_mining\TraceOpt\.venv-release-final\Scripts\python.exe -m pip install --upgrade pip
