Obtaining file:///G:/Advance_tool_mining/TraceOpt
  Installing build dependencies: started
  Installing build dependencies: finished with status 'done'
  Checking if build backend supports build_editable: started
  Checking if build backend supports build_editable: finished with status 'done'
  Getting requirements to build editable: started
  Getting requirements to build editable: finished with status 'done'
  Preparing editable metadata (pyproject.toml): started
  Preparing editable metadata (pyproject.toml): finished with status 'done'
Collecting pytest<9,>=8 (from traceopt==0.1.0.dev0)
  Using cached pytest-8.4.2-py3-none-any.whl.metadata (7.7 kB)
Collecting ruff<1,>=0.11 (from traceopt==0.1.0.dev0)
  Using cached ruff-0.16.8-py3-none-win_amd64.whl.metadata (21 kB)
Collecting colorama>=0.4 (from pytest<9,>=8->traceopt==0.1.0.dev0)
  Using cached colorama-0.4.6-py2.py3-none-any.whl.metadata (17 kB)
Collecting iniconfig>=1 (from pytest<9,>=8->traceopt==0.1.0.dev0)
  Using cached iniconfig-2.3.0-py3-none-any.whl.metadata (2.5 kB)
Collecting packaging>=20 (from pytest<9,>=8->traceopt==0.1.0.dev0)
  Using cached packaging-26.3-py3-none-any.whl.metadata (3.5 kB)
Collecting pluggy<2,>=1.5 (from pytest<9,>=8->traceopt==0.1.0.dev0)
  Using cached pluggy-1.6.0-py3-none-any.whl.metadata (4.8 kB)
Collecting pygments>=2.7.2 (from pytest<9,>=8->traceopt==0.1.0.dev0)
  Using cached pygments-2.21.0-py3-none-any.whl.metadata (2.5 kB)
Using cached pytest-8.4.2-py3-none-any.whl (365 kB)
Using cached pluggy-1.6.0-py3-none-any.whl (20 kB)
Using cached ruff-0.16.8-py3-none-win_amd64.whl (10.6 MB)
Using cached colorama-0.4.6-py2.py3-none-any.whl (25 kB)
Using cached iniconfig-2.3.0-py3-none-any.whl (7.5 kB)
Using cached packaging-26.3-py3-none-any.whl (129 kB)
Using cached pygments-2.21.0-py3-none-any.whl (1.3 MB)
Building wheels for collected packages: traceopt
  Building editable for traceopt (pyproject.toml): started
  Building editable for traceopt (pyproject.toml): finished with status 'done'
  Created wheel for traceopt: filename=traceopt-0.1.0.dev0-0.editable-py3-none-any.whl size=1640 sha256=a43dd8381e6e4056fdab60c53f440af34a2b6550f7c0fc8a1456a1875f1f8caa
  Stored in directory: C:\Users\asus\AppData\Local\Temp\pip-ephem-wheel-cache-pkrysubm\wheels\5f\52\aa\80022e9001e879581674169da41485ff1aa7bb9d97e8ffbe4d
Successfully built traceopt
Installing collected packages: traceopt, ruff, pygments, pluggy, packaging, iniconfig, colorama, pytest

Successfully installed colorama-0.4.6 iniconfig-2.3.0 packaging-26.3 pluggy-1.6.0 pygments-2.21.0 pytest-8.4.2 ruff-0.16.8 traceopt-0.1.0.dev0

[notice] A new release of pip is available: 25.1.1 -> 26.2.1
[notice] To update, run: G:\Advance_tool_mining\TraceOpt\.venv-release-audit\Scripts\python.exe -m pip install --upgrade pip
